<?xml version="1.0" encoding="utf-8"?><testsuites><testsuite name="pytest" errors="0" failures="0" skipped="1" tests="27" time="0.235" timestamp="2025-01-23T23:32:35.990802" hostname="Dianas-MacBook-Pro.local"><testcase classname="tests.test_ai_agent" name="test_query_ollama_success" time="0.023" /><testcase classname="tests.test_ai_agent" name="test_query_ollama_timeout" time="0.009" /><testcase classname="tests.test_ai_agent" name="test_process_healthcare_query_success" time="0.003" /><testcase classname="tests.test_ai_agent" name="test_process_healthcare_query_validation" time="0.002" /><testcase classname="tests.test_ai_agent" name="test_query_ollama_error_handling" time="0.009" /><testcase classname="tests.test_ai_agent" name="test_validate_healthcare_protocol" time="0.003" /><testcase classname="tests.test_ai_agent" name="test_analyze_medical_data" time="0.002" /><testcase classname="tests.test_ai_agent" name="test_invalid_query" time="0.004" /><testcase classname="tests.test_ai_agent" name="test_invalid_protocol" time="0.002" /><testcase classname="tests.test_ai_agent" name="test_invalid_analysis_data" time="0.002" /><testcase classname="tests.test_ai_agent" name="test_ollama_integration" time="0.000"><skipped type="pytest.skip" message="Ollama API not available">/Users/igor/Downloads/hc_framework/tests/test_ai_agent.py:232: Ollama API not available</skipped></testcase><testcase classname="tests.test_api" name="test_root" time="0.002" /><testcase classname="tests.test_api" name="test_health" time="0.002" /><testcase classname="tests.test_api" name="test_encrypt_data" time="0.002" /><testcase classname="tests.test_api" name="test_encrypt_data_invalid_token" time="0.002" /><testcase classname="tests.test_api" name="test_get_metrics" time="0.002" /><testcase classname="tests.test_api" name="test_get_metrics_invalid_api_key" time="0.010" /><testcase classname="tests.test_healthcare_endpoints.TestPHIEndpoints" name="test_store_phi_success" time="0.004" /><testcase classname="tests.test_healthcare_endpoints.TestPHIEndpoints" name="test_store_phi_invalid_data" time="0.003" /><testcase classname="tests.test_healthcare_endpoints.TestPHIEndpoints" name="test_store_phi_unauthorized" time="0.003" /><testcase classname="tests.test_healthcare_endpoints.TestPHIEndpoints" name="test_retrieve_phi_success" time="0.003" /><testcase classname="tests.test_healthcare_endpoints.TestPHIEndpoints" name="test_retrieve_phi_invalid_id" time="0.003" /><testcase classname="tests.test_healthcare_endpoints.TestPHIEndpoints" name="test_audit_logs_success" time="0.003" /><testcase classname="tests.test_healthcare_endpoints.TestQuantumEncryption" name="test_encryption_decryption" time="0.001" /><testcase classname="tests.test_healthcare_endpoints.TestQuantumEncryption" name="test_key_rotation" time="0.001" /><testcase classname="tests.test_healthcare_endpoints.TestAuditLogger" name="test_log_access" time="0.002" /><testcase classname="tests.test_healthcare_endpoints.TestAuditLogger" name="test_log_filtering" time="0.002" /></testsuite></testsuites>